// Jest Snapshot v1, https://goo.gl/fbAQLP

exports[`auth login success 1`] = `
Object {
  "nonce": "3ac04a92b121fce3fc5ca95251e70205d764147731",
  "redirectUrl": "https://idp.int.identitysandbox.gov/openid_connect/authorize?client_id=urn%3Agov%3Agsa%3Aopenidconnect.profiles%3Asp%3Asso%3Acisa%3Acrossfeed&amp;scope=openid%20email&amp;response_type=code&amp;redirect_uri=http%3A%2F%2Flocalhost%2F&amp;acr_values=http%3A%2F%2Fidmanagement.gov%2Fns%2Fassurance%2Fial%2F1&amp;nonce=3ac04a92b121fce3fc5ca95251e70205d764147731&amp;state=258165a7dc37ce6034e74815e991606d49fd52240e469f&amp;prompt=select_account",
  "state": "258165a7dc37ce6034e74815e991606d49fd52240e469f",
}
`;
